../Core/Src/main.c:174:5:main	104	static
../Core/Src/main.c:260:6:SystemClock_Config	88	static
../Core/Src/main.c:307:13:MX_ADC1_Init	24	static
../Core/Src/main.c:354:13:MX_ADC2_Init	24	static
../Core/Src/main.c:401:13:MX_I2C1_Init	8	static
../Core/Src/main.c:435:13:MX_USART1_UART_Init	8	static
../Core/Src/main.c:468:13:MX_GPIO_Init	40	static
../Core/Src/main.c:490:6:lcd_command	32	static
../Core/Src/main.c:501:6:lcd_data	32	static
../Core/Src/main.c:512:6:lcd_init	8	static
../Core/Src/main.c:528:6:lcd_clear	8	static
../Core/Src/main.c:534:6:lcd_string	24	static
../Core/Src/main.c:544:9:check_moves_left	24	static
../Core/Src/main.c:559:5:evaluate	24	static
../Core/Src/main.c:621:5:minimax	40	static
../Core/Src/main.c:674:6:find_best_move	32	static
../Core/Src/main.c:700:5:max	16	static
../Core/Src/main.c:712:5:min	16	static
../Core/Src/main.c:724:6:board_clear	24	static
../Core/Src/main.c:735:6:board_copy	24	static
../Core/Src/main.c:748:6:board_to_pc	32	static
../Core/Src/main.c:757:6:board_easy_mode	24	static
../Core/Src/main.c:797:6:task_1_function	16	static
../Core/Src/main.c:817:6:task_2_function	16	static
../Core/Src/main.c:913:6:task_3_function	32	static
../Core/Src/main.c:1289:6:HAL_TIM_PeriodElapsedCallback	16	static
../Core/Src/main.c:1306:6:Error_Handler	4	static,ignoring_inline_asm
